
user@DESKTOP-LG1FR7R MINGW64 ~/Desktop/git/learn-git-again (master)
$ git init
Reinitialized existing Git repository in C:/Users/user/Desktop/git/learn-git-aga
in/.git/

user@DESKTOP-LG1FR7R MINGW64 ~/Desktop/git/learn-git-again (master)
$ git add third.txt

user@DESKTOP-LG1FR7R MINGW64 ~/Desktop/git/learn-git-again (master)
$ commit -m "adding third.txt"
bash: commit: command not found

user@DESKTOP-LG1FR7R MINGW64 ~/Desktop/git/learn-git-again (master)
$ git commit -m "adding third.txt"
[master (root-commit) 5867cfb] adding third.txt
 1 file changed, 0 insertions(+), 0 deletions(-)
 create mode 100644 third.txt

user@DESKTOP-LG1FR7R MINGW64 ~/Desktop/git/learn-git-again (master)
$ git log
commit 5867cfb6abeb7ab6ddb3ee4f08389feb0901b035 (HEAD -> master)
Author: sahli eya <eyasahly@gmail.com>
Date:   Wed Nov 18 15:38:38 2020 +0100

    adding third.txt

user@DESKTOP-LG1FR7R MINGW64 ~/Desktop/git/learn-git-again (master)
$ git add fourth.txt

user@DESKTOP-LG1FR7R MINGW64 ~/Desktop/git/learn-git-again (master)
$ git commit -m "adding fourth.txt"
[master bca3700] adding fourth.txt
 1 file changed, 0 insertions(+), 0 deletions(-)
 create mode 100644 fourth.txt

user@DESKTOP-LG1FR7R MINGW64 ~/Desktop/git/learn-git-again (master)
$ git rm "third.txt"
rm 'third.txt'

user@DESKTOP-LG1FR7R MINGW64 ~/Desktop/git/learn-git-again (master)
$ git commit -m "removing third.txt"
[master afdb0cc] removing third.txt
 1 file changed, 0 insertions(+), 0 deletions(-)
 delete mode 100644 third.txt

user@DESKTOP-LG1FR7R MINGW64 ~/Desktop/git/learn-git-again (master)
$ git log
commit afdb0ccf8fd84982c05c630edee870065002217c (HEAD -> master)
Author: sahli eya <eyasahly@gmail.com>
Date:   Wed Nov 18 15:51:55 2020 +0100

    removing third.txt

commit bca3700bad022b28b0f4939396a08cb0decfad5f
Author: sahli eya <eyasahly@gmail.com>
Date:   Wed Nov 18 15:42:41 2020 +0100

    adding fourth.txt

commit 5867cfb6abeb7ab6ddb3ee4f08389feb0901b035
Author: sahli eya <eyasahly@gmail.com>
Date:   Wed Nov 18 15:38:38 2020 +0100

    adding third.txt

user@DESKTOP-LG1FR7R MINGW64 ~/Desktop/git/learn-git-again (master)
$ git co
commit   config

user@DESKTOP-LG1FR7R MINGW64 ~/Desktop/git/learn-git-again (master)
$ git config
Display all 86 possibilities? (y or n)

user@DESKTOP-LG1FR7R MINGW64 ~/Desktop/git/learn-git-again (master)
$ git config --global core.pager cat

user@DESKTOP-LG1FR7R MINGW64 ~/Desktop/git/learn-git-again (master)
$ git config --global -h
usage: git config [<options>]

Config file location
    --global              use global config file
    --system              use system config file
    --local               use repository config file
    --worktree            use per-worktree config file
    -f, --file <file>     use given config file
    --blob <blob-id>      read config from given blob object

Action
    --get                 get value: name [value-regex]
    --get-all             get all values: key [value-regex]
    --get-regexp          get values for regexp: name-regex [value-regex]
    --get-urlmatch        get value specific for the URL: section[.var] URL
    --replace-all         replace all matching variables: name value [value_rege
x]
    --add                 add a new variable: name value
    --unset               remove a variable: name [value-regex]
    --unset-all           remove all matches: name [value-regex]
    --rename-section      rename section: old-name new-name
    --remove-section      remove a section: name
    -l, --list            list all
    -e, --edit            open an editor
    --get-color           find the color configured: slot [default]
    --get-colorbool       find the color setting: slot [stdout-is-tty]

Type
    -t, --type <>         value is given this type
    --bool                value is "true" or "false"
    --int                 value is decimal number
    --bool-or-int         value is --bool or --int
    --bool-or-str         value is --bool or string
    --path                value is a path (file or directory name)
    --expiry-date         value is an expiry date

Other
    -z, --null            terminate values with NUL byte
    --name-only           show variable names only
    --includes            respect include directives on lookup
    --show-origin         show origin of config (file, standard input, blob, com
mand line)
    --show-scope          show scope of config (worktree, local, global, system,
 command)
    --default <value>     with --get, use default value when missing entry


user@DESKTOP-LG1FR7R MINGW64 ~/Desktop/git/learn-git-again (master)
$ git config --global -l
user.name=sahli eya
user.email=eyasahly@gmail.com
core.pager=cat

user@DESKTOP-LG1FR7R MINGW64 ~/Desktop/git/learn-git-again (master)
$
